{
  "level1": [{
    "title": "Rejseforsikringer",
    "url": "/rejseforsikringer",
    "level2": [{
      "title": "Forsikringsoversigt",
      "url": "/forsikringsoversigt"
    }, {
      "title": "Enkeltrejseforsikring",
      "url": "/produkt/enkeltrejseforsikring"
    }, {
      "title": "Årsrejseforsikring",
      "url": "/produkt/aarsrejseforsikring"
    }, {
      "title": "Bilskadeforsikring",
      "url": "/produkt/bilskadeforsikring"
    },
    {
      "title": "Erhvervsrejseforsikring",
      "url": "/produkt/erhvervsrejseforsikring"
    },
    {
      "title": "Slutleverandørsvigt",
      "url": "/produkt/slutleverandoersvigt"
    },
    {
      "title": "Afbestillingsforsikring",
      "url": "/produkt/Afbestillingsforsikring"
    },
    {
      "title": "Backpacker",
      "url": "/rejseforsikring-backpacker"
    }
   ]
  }, {
    "title": "F.A.Q.",
    "url": "/faq"
  }, {
    "title": "Om Coverwise",
    "url": "/om-coverwise"
  }, {
    "title": "Anmeld skade",
    "url": "/anmeld-skade"
  }]
}
