<?xml version="1.0" encoding="UTF-8"?>
<urlset xmlns="http://www.sitemaps.org/schemas/sitemap/0.9">
  <url>
    <loc>https://coverwisedk.azurewebsites.net/rejseforsikringer</loc>
  </url>
  <url>
    <loc>https://coverwisedk.azurewebsites.net/forsikringsoversigt</loc>
  </url>
  <url>
    <loc>https://coverwisedk.azurewebsites.net/produkt/enkeltrejseforsikring</loc>
  </url>
  <url>
    <loc>https://coverwisedk.azurewebsites.net/faq</loc>
  </url>
  <url>
    <loc>https://coverwisedk.azurewebsites.net/om-coverwise</loc>
  </url>
  <url>
    <loc>https://coverwisedk.azurewebsites.net/anmeld-skade</loc>
  </url>
</urlset>
